error: function is never used: `do_stuff`
 --> $DIR/preserve_lint.rs:7:4
  |
7 | fn do_stuff() -> anyhow::Result<()> {
  |    ^^^^^^^^
  |
note: the lint level is defined here
 --> $DIR/preserve_lint.rs:2:9
  |
2 | #![deny(dead_code)]
  |         ^^^^^^^^^
